---
source: crates/parser2/tests/syntax.rs
expression: w.dump_string().unwrap()
input_file: crates/parser2/test_files/syntax/module/simple.sntn
---
target = evm-ethereum-london
func external %add_i8(v0.i8, v1.i8) -> i8 {
}

func public %main() -> void {
    block0:
        v0.i8 = call %foo 100.i8;
        return;

}

func private %foo(v0.i8) -> i8 {
    block0:
        v1.i8 = mul v0 2.i8;
        v2.i8 = call %add_i8 v0 v1;
        return v2;

}

func private %types(v0.*i8, v1.[i8; 2], v2.[*i8; 2], v3.[[i8; 2]; 2]) -> void {
    block0:
        return;

}

func private %table(v0.i8) -> void {
    block0:
        br_table v0 block0 (1.i8 block1) (2.i8 block2);

    block1:
        return 1.i8;

    block2:
        return 2.i8;

}

func private %flow(v0.i64) -> i64 {
    block0:
        jump block1;

    block1:
        v1.i64 = phi (v0 block0) (100.i64 block2);
        v2.i1 = gt v1 10.i64;
        br v2 block2 block3;

    block2:
        jump block1;

    block3:
        return v1;

}
