---
source: crates/parser/tests/syntax.rs
input_file: test_files/syntax/stmts/cast.sntn
snapshot_kind: text
---
stmt "v0.i32 = sext v1 i32;"
  assign_stmt "v0.i32 = sext v1 i32"
    value_declaration "v0.i32"
      value_name "v0"
      type_name "i32"
        primitive_type "i32"
    inst "sext v1 i32"
      inst_name "sext"
        inst_identifier "sext"
      inst_arg "v1"
        value "v1"
          value_name "v1"
      inst_arg "i32"
        type_name "i32"
          primitive_type "i32"
stmt "v0.i32 = zext v1 i32;"
  assign_stmt "v0.i32 = zext v1 i32"
    value_declaration "v0.i32"
      value_name "v0"
      type_name "i32"
        primitive_type "i32"
    inst "zext v1 i32"
      inst_name "zext"
        inst_identifier "zext"
      inst_arg "v1"
        value "v1"
          value_name "v1"
      inst_arg "i32"
        type_name "i32"
          primitive_type "i32"
stmt "v0.i32 = bitcast v1 i32;"
  assign_stmt "v0.i32 = bitcast v1 i32"
    value_declaration "v0.i32"
      value_name "v0"
      type_name "i32"
        primitive_type "i32"
    inst "bitcast v1 i32"
      inst_name "bitcast"
        inst_identifier "bitcast"
      inst_arg "v1"
        value "v1"
          value_name "v1"
      inst_arg "i32"
        type_name "i32"
          primitive_type "i32"
stmt "v0.i32 = trunc v1 i32;"
  assign_stmt "v0.i32 = trunc v1 i32"
    value_declaration "v0.i32"
      value_name "v0"
      type_name "i32"
        primitive_type "i32"
    inst "trunc v1 i32"
      inst_name "trunc"
        inst_identifier "trunc"
      inst_arg "v1"
        value "v1"
          value_name "v1"
      inst_arg "i32"
        type_name "i32"
          primitive_type "i32"
