---
source: crates/parser/tests/syntax.rs
input_file: test_files/syntax/stmts/control_flow.sntn
snapshot_kind: text
---
stmt "jump block0;"
  inst_stmt "jump block0"
    inst "jump block0"
      inst_name "jump"
        inst_identifier "jump"
      inst_arg "block0"
        block_ident "block0"
          block_number "0"
stmt "jump block100;"
  inst_stmt "jump block100"
    inst "jump block100"
      inst_name "jump"
        inst_identifier "jump"
      inst_arg "block100"
        block_ident "block100"
          block_number "100"
stmt "return 100.i32;"
  inst_stmt "return 100.i32"
    inst "return 100.i32"
      inst_name "return"
        inst_identifier "return"
      inst_arg "100.i32"
        value "100.i32"
          imm_number "100.i32"
            decimal "100"
            primitive_type "i32"
stmt "return v0;"
  inst_stmt "return v0"
    inst "return v0"
      inst_name "return"
        inst_identifier "return"
      inst_arg "v0"
        value "v0"
          value_name "v0"
stmt "return;"
  inst_stmt "return"
    inst "return"
      inst_name "return"
        inst_identifier "return"
stmt "br v0 block1 block2;"
  inst_stmt "br v0 block1 block2"
    inst "br v0 block1 block2"
      inst_name "br"
        inst_identifier "br"
      inst_arg "v0"
        value "v0"
          value_name "v0"
      inst_arg "block1"
        block_ident "block1"
          block_number "1"
      inst_arg "block2"
        block_ident "block2"
          block_number "2"
stmt "br_table v0 block1 (1.i32 block2) (2.i32 block3);"
  inst_stmt "br_table v0 block1 (1.i32 block2) (2.i32 block3)"
    inst "br_table v0 block1 (1.i32 block2) (2.i32 block3)"
      inst_name "br_table"
        inst_identifier "br_table"
      inst_arg "v0"
        value "v0"
          value_name "v0"
      inst_arg "block1"
        block_ident "block1"
          block_number "1"
      inst_arg "(1.i32 block2)"
        value_block_map "(1.i32 block2)"
          value "1.i32"
            imm_number "1.i32"
              decimal "1"
              primitive_type "i32"
          block_ident "block2"
            block_number "2"
      inst_arg "(2.i32 block3)"
        value_block_map "(2.i32 block3)"
          value "2.i32"
            imm_number "2.i32"
              decimal "2"
              primitive_type "i32"
          block_ident "block3"
            block_number "3"
stmt "br_table 1.i8 (1.i8 block2) (2.i8 block3);"
  inst_stmt "br_table 1.i8 (1.i8 block2) (2.i8 block3)"
    inst "br_table 1.i8 (1.i8 block2) (2.i8 block3)"
      inst_name "br_table"
        inst_identifier "br_table"
      inst_arg "1.i8"
        value "1.i8"
          imm_number "1.i8"
            decimal "1"
            primitive_type "i8"
      inst_arg "(1.i8 block2)"
        value_block_map "(1.i8 block2)"
          value "1.i8"
            imm_number "1.i8"
              decimal "1"
              primitive_type "i8"
          block_ident "block2"
            block_number "2"
      inst_arg "(2.i8 block3)"
        value_block_map "(2.i8 block3)"
          value "2.i8"
            imm_number "2.i8"
              decimal "2"
              primitive_type "i8"
          block_ident "block3"
            block_number "3"
