---
source: crates/parser/tests/syntax.rs
input_file: test_files/syntax/stmts/unary_op.sntn
snapshot_kind: text
---
stmt "v1.i1 = not v0;"
  assign_stmt "v1.i1 = not v0"
    value_declaration "v1.i1"
      value_name "v1"
      type_name "i1"
        primitive_type "i1"
    inst "not v0"
      inst_name "not"
        inst_identifier "not"
      inst_arg "v0"
        value "v0"
          value_name "v0"
stmt "v3.i8 = neg v2;"
  assign_stmt "v3.i8 = neg v2"
    value_declaration "v3.i8"
      value_name "v3"
      type_name "i8"
        primitive_type "i8"
    inst "neg v2"
      inst_name "neg"
        inst_identifier "neg"
      inst_arg "v2"
        value "v2"
          value_name "v2"
