---
source: crates/parser/tests/syntax.rs
input_file: test_files/syntax/module/func_type.sntn
---
target = evm-ethereum-london

func public %higher_order(v0.*(i256, i256) -> i32) {
    block0:
        return;
}
