---
source: crates/parser/tests/syntax.rs
expression: s
input_file: crates/parser/test_files/syntax/module/newlines.sntn
---
module "target = "evm-ethereum-london"
func public %main() {
    block0:
        v0.i8 = add 1.i8 2.i8;
        return;
}
"
  target_triple "evm-ethereum-london"
  function "func public %main() {
      block0:
          v0.i8 = add 1.i8 2.i8;
          return;
  }"
    function_signature "func public %main() "
      function_linkage "public"
      function_identifier "%main"
        function_name "main"
      function_params "()"
    block "block0:
            v0.i8 = add 1.i8 2.i8;
            return;"
      block_ident "block0"
        block_number "0"
      stmt "v0.i8 = add 1.i8 2.i8;"
        assign_stmt "v0.i8 = add 1.i8 2.i8"
          value_declaration "v0.i8"
            value_name "v0"
            type_name "i8"
              primitive_type "i8"
          inst "add 1.i8 2.i8"
            inst_name "add"
              inst_identifier "add"
            inst_arg "1.i8"
              value "1.i8"
                imm_number "1.i8"
                  decimal "1"
                  primitive_type "i8"
            inst_arg "2.i8"
              value "2.i8"
                imm_number "2.i8"
                  decimal "2"
                  primitive_type "i8"
      stmt "return;"
        inst_stmt "return"
          inst "return"
            inst_name "return"
              inst_identifier "return"
  EOI ""
