---
source: crates/parser/tests/syntax.rs
input_file: test_files/syntax/module/newlines.sntn
---
target = evm-ethereum-london

func public %main() {
    block0:
        v0.i8 = add 1.i8 2.i8;
        return;
}
