---
source: crates/parser/tests/syntax.rs
expression: "Module {\n    target: Some(\n        TargetTriple {\n            architecture: Evm,\n            vendor: Ethereum,\n            operating_system: Evm(\n                London,\n            ),\n        },\n    ),\n    declared_functions: [],\n    declared_gvs: [],\n    struct_types: [],\n    functions: [\n        Func {\n            signature: FuncSignature {\n                linkage: Public,\n                name: FunctionName {\n                    name: \"main\",\n                    ..\n                },\n                params: [],\n                ret_type: None,\n            },\n            blocks: [\n                Block {\n                    id: BlockId {\n                        id: Some(\n                            0,\n                        ),\n                        ..\n                    },\n                    stmts: [\n                        Stmt {\n                            kind: Assign(\n                                ValueDeclaration(\n                                    ValueName {\n                                        string: \"v0\",\n                                        ..\n                                    },\n                                    Type {\n                                        kind: Int(\n                                            I8,\n                                        ),\n                                        ..\n                                    },\n                                ),\n                                Inst {\n                                    name: InstName {\n                                        name: \"add\",\n                                        ..\n                                    },\n                                    args: [\n                                        InstArg {\n                                            kind: Value(\n                                                Value {\n                                                    kind: Immediate(\n                                                        I8(\n                                                            1,\n                                                        ),\n                                                    ),\n                                                    ..\n                                                },\n                                            ),\n                                            ..\n                                        },\n                                        InstArg {\n                                            kind: Value(\n                                                Value {\n                                                    kind: Immediate(\n                                                        I8(\n                                                            2,\n                                                        ),\n                                                    ),\n                                                    ..\n                                                },\n                                            ),\n                                            ..\n                                        },\n                                    ],\n                                    ..\n                                },\n                            ),\n                            ..\n                        },\n                        Stmt {\n                            kind: Inst(\n                                Inst {\n                                    name: InstName {\n                                        name: \"return\",\n                                        ..\n                                    },\n                                    args: [],\n                                    ..\n                                },\n                            ),\n                            ..\n                        },\n                    ],\n                },\n            ],\n            comments: [],\n        },\n    ],\n    comments: [],\n}"
input_file: test_files/syntax/module/newlines.sntn
---
Module {
    target: Some(
        TargetTriple {
            architecture: Evm,
            vendor: Ethereum,
            operating_system: Evm(
                London,
            ),
        },
    ),
    declared_functions: [],
    declared_gvs: [],
    struct_types: [],
    functions: [
        Func {
            signature: FuncSignature {
                linkage: Public,
                name: FunctionName {
                    name: "main",
                    ..
                },
                params: [],
                ret_type: None,
            },
            blocks: [
                Block {
                    id: BlockId {
                        id: Some(
                            0,
                        ),
                        ..
                    },
                    stmts: [
                        Stmt {
                            kind: Assign(
                                ValueDeclaration(
                                    ValueName {
                                        string: "v0",
                                        ..
                                    },
                                    Type {
                                        kind: Int(
                                            I8,
                                        ),
                                        ..
                                    },
                                ),
                                Inst {
                                    name: InstName {
                                        name: "add",
                                        ..
                                    },
                                    args: [
                                        InstArg {
                                            kind: Value(
                                                Value {
                                                    kind: Immediate(
                                                        I8(
                                                            1,
                                                        ),
                                                    ),
                                                    ..
                                                },
                                            ),
                                            ..
                                        },
                                        InstArg {
                                            kind: Value(
                                                Value {
                                                    kind: Immediate(
                                                        I8(
                                                            2,
                                                        ),
                                                    ),
                                                    ..
                                                },
                                            ),
                                            ..
                                        },
                                    ],
                                    ..
                                },
                            ),
                            ..
                        },
                        Stmt {
                            kind: Inst(
                                Inst {
                                    name: InstName {
                                        name: "return",
                                        ..
                                    },
                                    args: [],
                                    ..
                                },
                            ),
                            ..
                        },
                    ],
                },
            ],
            comments: [],
        },
    ],
    comments: [],
}
