---
source: crates/parser2/tests/syntax.rs
expression: s
input_file: crates/parser2/test_files/syntax/stmts/cast.sntn
---
stmt "v0.i32 = sext v1;"
  define_stmt "v0.i32 = sext v1"
    value_declaration "v0.i32"
      value_name "v0"
      type_name "i32"
        primitive_type "i32"
    expr "sext v1"
      cast_expr "sext v1"
        cast_op "sext"
        value "v1"
          value_name "v1"
stmt "v0.i32 = zext v1;"
  define_stmt "v0.i32 = zext v1"
    value_declaration "v0.i32"
      value_name "v0"
      type_name "i32"
        primitive_type "i32"
    expr "zext v1"
      cast_expr "zext v1"
        cast_op "zext"
        value "v1"
          value_name "v1"
stmt "v0.i32 = bitcast v1;"
  define_stmt "v0.i32 = bitcast v1"
    value_declaration "v0.i32"
      value_name "v0"
      type_name "i32"
        primitive_type "i32"
    expr "bitcast v1"
      cast_expr "bitcast v1"
        cast_op "bitcast"
        value "v1"
          value_name "v1"
stmt "v0.i32 = trunc v1;"
  define_stmt "v0.i32 = trunc v1"
    value_declaration "v0.i32"
      value_name "v0"
      type_name "i32"
        primitive_type "i32"
    expr "trunc v1"
      cast_expr "trunc v1"
        cast_op "trunc"
        value "v1"
          value_name "v1"
