---
source: crates/codegen/tests/module_analysis.rs
input_file: test_files/module_analysis/bidirectional.sntn
---
ModuleDependency: Bidirectional

SCC: [`%fx`]
SCC: [`%f1`, `%f2`]
SCC: [`%f3`]
SCC: [`%f4`]
SCC: [`%f5`]
SCC: [`%f6`]
SCC: [`%f7`]

`%fx` = FuncInfo { is_non_recursive: false, flow: OutgoingOnly, is_leaf: true }
`%f1` = FuncInfo { is_non_recursive: false, flow: Bidirectional, is_leaf: false }
`%f2` = FuncInfo { is_non_recursive: false, flow: Bidirectional, is_leaf: false }
`%f3` = FuncInfo { is_non_recursive: false, flow: Closed, is_leaf: false }
`%f4` = FuncInfo { is_non_recursive: true, flow: OutgoingOnly, is_leaf: false }
`%f5` = FuncInfo { is_non_recursive: false, flow: Bidirectional, is_leaf: false }
`%f6` = FuncInfo { is_non_recursive: false, flow: Bidirectional, is_leaf: false }
`%f7` = FuncInfo { is_non_recursive: true, flow: OutgoingOnly, is_leaf: false }
