---
source: crates/ir/tests/linker.rs
input_file: tests/linker/fixtures/link_ok/module.snap
---
target = evm-ethereum-cancun

type @foo = {i8, i16, *i64};
type @bar = {i8, [i8; 31]};

global public const i256 $ZERO = 0;
global external const i256 $ONE;

declare func external %f_outer(i8) -> i8;

func public %f_b(v0.i8, v1.i8) -> i8 {
    block0:
        v2.i8 = call %f_a v0;
        v3.i8 = add v0 v2;
        return;
}

func public %f_a(v0.i8) -> i8 {
    block0:
        return v0;
}

func private %types_a(v0.*i8, v1.[i8; 2], v2.[*i8; 2], v3.[[i8; 2]; 2], v4.@foo, v5.*@bar) -> i8 {
    block0:
        v6.i8 = mload v0 i8;
        v7.i8 = call %f_b v6 1.i8;
        call %f_outer;
        return v6;
}

func private %types_b(v0.*i8, v1.[i8; 2], v2.[*i8; 2], v3.[[i8; 2]; 2], v4.@bar, v5.*@foo) {
    block0:
        return;
}
